
> nextn@0.1.0 build
> NODE_OPTIONS='--max-old-space-size=4096' next build

   ▲ Next.js 15.5.15
   - Environments: .env.local

   Creating an optimized production build ...
 ✓ Compiled successfully in 36.2s
   Linting and checking validity of types ...
   Collecting page data ...
   Generating static pages (0/18) ...
   Generating static pages (4/18) 
   Generating static pages (8/18) 
   Generating static pages (13/18) 
 ✓ Generating static pages (18/18)
   Finalizing page optimization ...
   Collecting build traces ...

Route (app)                                     Size  First Load JS
┌ ○ /                                        8.11 kB         256 kB
├ ○ /_not-found                                993 B         103 kB
├ ƒ /api/notifications/onboarding-submitted    130 B         102 kB
├ ƒ /api/notifications/signup                  130 B         102 kB
├ ƒ /api/onboarding/finalize                   130 B         102 kB
├ ○ /auth                                    7.71 kB         247 kB
├ ○ /dashboard                               5.78 kB         257 kB
├ ○ /document-requirements                   2.62 kB         117 kB
├ ○ /faqs                                    8.27 kB         125 kB
├ ○ /next-steps                              4.87 kB         119 kB
├ ○ /onboarding                              1.41 kB         104 kB
├ ○ /onboarding-process                      4.92 kB         119 kB
├ ƒ /onboarding/[stepId]                      100 kB         350 kB
├ ○ /onboarding/submitted                    2.89 kB         113 kB
├ ○ /settings                                5.36 kB         246 kB
└ ○ /terms                                   2.54 kB         117 kB
+ First Load JS shared by all                 102 kB
  ├ chunks/255-4f212684648fcab9.js             46 kB
  ├ chunks/4bd1b696-c023c6e3521b1417.js      54.2 kB
  └ other shared chunks (total)              1.93 kB


○  (Static)   prerendered as static content
ƒ  (Dynamic)  server-rendered on demand

